// Jest Snapshot v1, https://goo.gl/fbAQLP

exports[`<TodoList /> rendering matches snapshot 1`] = `
<DocumentFragment>
  <div
    class="ToDoList"
  >
    <h1>
      Todo App
    </h1>
    <form
      class="NewTodoForm"
    >
      <label
        class="NewTodoForm-Label"
        for="task"
      >
        Task:
      </label>
      <input
        class="NewTodoForm-Input"
        id="task"
        name="task"
        placeholder="Enter a task"
        type="text"
        value=""
      />
      <button>
        +
      </button>
    </form>
    <ul />
  </div>
</DocumentFragment>
`;
